******************************************************************************
                  TI ARM Linker PC v5.2.6                      
******************************************************************************
>> Linked Wed Feb 10 16:18:08 2016

OUTPUT FILE NAME:   <lab03.out>
ENTRY POINT SYMBOL: "_c_int00"  address: 00000f1d


MEMORY CONFIGURATION

         name            origin    length      used     unused   attr    fill
----------------------  --------  ---------  --------  --------  ----  --------
  FLASH                 00000000   00040000  00001388  0003ec78  R  X
  SRAM                  20000000   00008000  00000220  00007de0  RW X


SEGMENT ALLOCATION MAP

run origin  load origin   length   init length attrs members
----------  ----------- ---------- ----------- ----- -------
00000000    00000000    00001388   00001388    r-x
  00000000    00000000    0000026c   0000026c    r-- .intvecs
  0000026c    0000026c    00000f88   00000f88    r-x .text
  000011f4    000011f4    0000016c   0000016c    r-- .const
  00001360    00001360    00000028   00000028    r-- .cinit
20000000    20000000    00000220   00000000    rw-
  20000000    20000000    00000200   00000000    rw- .stack
  20000200    20000200    00000020   00000000    rw- .data


SECTION ALLOCATION MAP

 output                                  attributes/
section   page    origin      length       input sections
--------  ----  ----------  ----------   ----------------
.intvecs   0    00000000    0000026c     
                  00000000    0000026c     tm4c123gh6pm_startup_ccs.obj (.intvecs)

.text      0    0000026c    00000f88     
                  0000026c    000006c0     main.obj (.text)
                  0000092c    00000132     driverlib.lib : gpio.obj (.text:GPIOPadConfigSet)
                  00000a5e    00000002     --HOLE-- [fill = 0]
                  00000a60    00000110                   : sysctl.obj (.text:SysCtlClockGet)
                  00000b70    000000f4                   : sysctl.obj (.text:SysCtlClockSet)
                  00000c64    0000009c     rtsv7M4_T_le_v4SPD16_eabi.lib : memcpy_t2.obj (.text)
                  00000d00    0000007a                                   : memset_t2.obj (.text)
                  00000d7a    00000002     --HOLE-- [fill = 0]
                  00000d7c    0000006c                                   : autoinit.obj (.text)
                  00000de8    0000006a                                   : copy_decompress_rle.obj (.text)
                  00000e52    00000002     --HOLE-- [fill = 0]
                  00000e54    00000068     driverlib.lib : interrupt.obj (.text:IntEnable)
                  00000ebc    00000060                   : timer.obj (.text:TimerConfigure)
                  00000f1c    00000050     rtsv7M4_T_le_v4SPD16_eabi.lib : boot.obj (.text)
                  00000f6c    0000004c                                   : cpy_tbl.obj (.text)
                  00000fb8    00000048     driverlib.lib : gpio.obj (.text:GPIOPinConfigure)
                  00001000    00000044     rtsv7M4_T_le_v4SPD16_eabi.lib : exit.obj (.text)
                  00001044    00000034     driverlib.lib : sysctl.obj (.text:SysCtlPeripheralEnable)
                  00001078    0000002a                   : gpio.obj (.text:GPIODirModeSet)
                  000010a2    00000022                   : pwm.obj (.text:PWMGenConfigure)
                  000010c4    0000001e                   : pwm.obj (.text:PWMPulseWidthSet)
                  000010e2    00000018                   : gpio.obj (.text:GPIOPinTypeGPIOOutput)
                  000010fa    00000002     --HOLE-- [fill = 0]
                  000010fc    00000018     rtsv7M4_T_le_v4SPD16_eabi.lib : args_main.obj (.text)
                  00001114    00000014     driverlib.lib : sysctl.obj (.text:SysCtlPWMClockSet)
                  00001128    00000014     rtsv7M4_T_le_v4SPD16_eabi.lib : _lock.obj (.text)
                  0000113c    00000012     driverlib.lib : gpio.obj (.text:GPIOPinTypePWM)
                  0000114e    00000012                   : pwm.obj (.text:PWMOutputState)
                  00001160    00000012                   : timer.obj (.text:TimerLoadSet)
                  00001172    00000010                   : interrupt.obj (.text:IntMasterEnable)
                  00001182    00000010                   : pwm.obj (.text:PWMGenPeriodSet)
                  00001192    0000000e                   : timer.obj (.text:TimerEnable)
                  000011a0    0000000e     rtsv7M4_T_le_v4SPD16_eabi.lib : copy_decompress_none.obj (.text:decompress:none)
                  000011ae    0000000c     driverlib.lib : cpu.obj (.text:CPUcpsie)
                  000011ba    0000000c                   : pwm.obj (.text:PWMGenEnable)
                  000011c6    0000000c     tm4c123gh6pm_startup_ccs.obj (.text)
                  000011d2    00000008     driverlib.lib : timer.obj (.text:TimerIntEnable)
                  000011da    00000006                   : gpio.obj (.text:GPIOPinRead)
                  000011e0    00000006                   : sysctl.obj (.text:SysCtlDelay)
                  000011e6    00000006     rtsv7M4_T_le_v4SPD16_eabi.lib : copy_decompress_rle.obj (.text:decompress:rle24)
                  000011ec    00000004     driverlib.lib : timer.obj (.text:TimerIntClear)
                  000011f0    00000004     rtsv7M4_T_le_v4SPD16_eabi.lib : pre_init.obj (.text)

.const     0    000011f4    0000016c     
                  000011f4    00000090     driverlib.lib : gpio.obj (.const:g_pui32GPIOBaseAddrs)
                  00001284    00000070                   : interrupt.obj (.const)
                  000012f4    0000006c                   : sysctl.obj (.const:g_pui32Xtals)

.cinit     0    00001360    00000028     
                  00001360    00000018     (.cinit..data.load) [load image, compression = rle]
                  00001378    00000008     (__TI_handler_table)
                  00001380    00000008     (__TI_cinit_table)

.init_array 
*          0    00000000    00000000     UNINITIALIZED

.stack     0    20000000    00000200     UNINITIALIZED
                  20000000    00000200     --HOLE--

.data      0    20000200    00000020     UNINITIALIZED
                  20000200    0000000c     main.obj (.data)
                  2000020c    00000008     rtsv7M4_T_le_v4SPD16_eabi.lib : _lock.obj (.data)
                  20000214    00000008                                   : exit.obj (.data)
                  2000021c    00000004                                   : stkdepth_vars.obj (.data)

.TI.persistent 
*          0    20000200    00000000     UNINITIALIZED


LINKER GENERATED COPY TABLES

__TI_cinit_table @ 00001380 records: 1, size/record: 8, table size: 8
	.data: load addr=00001360, load size=00000018 bytes, run addr=20000200, run size=00000020 bytes, compression=rle


LINKER GENERATED HANDLER TABLE

__TI_handler_table @ 00001378 records: 2, size/record: 4, table size: 8
	index: 0, handler: __TI_decompress_rle24
	index: 1, handler: __TI_decompress_none


GLOBAL SYMBOLS: SORTED ALPHABETICALLY BY Name 

address   name                    
-------   ----                    
00001001  C$$EXIT                 
000011af  CPUcpsie                
00001079  GPIODirModeSet          
0000092d  GPIOPadConfigSet        
00000fb9  GPIOPinConfigure        
000011db  GPIOPinRead             
000010e3  GPIOPinTypeGPIOOutput   
0000113d  GPIOPinTypePWM          
00000e55  IntEnable               
00001173  IntMasterEnable         
000010a3  PWMGenConfigure         
000011bb  PWMGenEnable            
00001183  PWMGenPeriodSet         
0000114f  PWMOutputState          
000010c5  PWMPulseWidthSet        
000011c7  ResetISR                
UNDEFED   SHT$$INIT_ARRAY$$Base   
UNDEFED   SHT$$INIT_ARRAY$$Limit  
00000a61  SysCtlClockGet          
00000b71  SysCtlClockSet          
000011e1  SysCtlDelay             
00001115  SysCtlPWMClockSet       
00001045  SysCtlPeripheralEnable  
0000076d  Timer0IntHandler        
00000ebd  TimerConfigure          
00001193  TimerEnable             
000011ed  TimerIntClear           
000011d3  TimerIntEnable          
00001161  TimerLoadSet            
20000200  __STACK_END             
00000200  __STACK_SIZE            
20000200  __STACK_TOP             
00001380  __TI_CINIT_Base         
00001388  __TI_CINIT_Limit        
00001378  __TI_Handler_Table_Base 
00001380  __TI_Handler_Table_Limit
00000d7d  __TI_auto_init          
20000214  __TI_cleanup_ptr        
000011a1  __TI_decompress_none    
000011e7  __TI_decompress_rle24   
20000218  __TI_dtors_ptr          
00000000  __TI_static_base__      
00000d01  __aeabi_memclr          
00000d01  __aeabi_memclr4         
00000d01  __aeabi_memclr8         
00000c65  __aeabi_memcpy          
00000c65  __aeabi_memcpy4         
00000c65  __aeabi_memcpy8         
00000d03  __aeabi_memset          
00000d03  __aeabi_memset4         
00000d03  __aeabi_memset8         
ffffffff  __binit__               
ffffffff  __c_args__              
20000000  __stack                 
000010fd  _args_main              
00000f1d  _c_int00                
2000020c  _lock                   
00001137  _nop                    
0000112f  _register_lock          
00001129  _register_unlock        
000011f1  _system_pre_init        
20000210  _unlock                 
00001005  abort                   
ffffffff  binit                   
00000f6d  copy_in                 
20000208  delay                   
0000100d  exit                    
00000000  g_pfnVectors            
0000026d  ledPinConfig            
00000279  main                    
2000021c  main_func_sp            
00000c65  memcpy                  
00000d09  memset                  
20000205  mode                    
20000202  sw1count                
20000204  sw1pressed              
20000200  sw1state                
20000203  sw2count                
20000201  sw2state                


GLOBAL SYMBOLS: SORTED BY Symbol Address 

address   name                    
-------   ----                    
00000000  __TI_static_base__      
00000000  g_pfnVectors            
00000200  __STACK_SIZE            
0000026d  ledPinConfig            
00000279  main                    
0000076d  Timer0IntHandler        
0000092d  GPIOPadConfigSet        
00000a61  SysCtlClockGet          
00000b71  SysCtlClockSet          
00000c65  __aeabi_memcpy          
00000c65  __aeabi_memcpy4         
00000c65  __aeabi_memcpy8         
00000c65  memcpy                  
00000d01  __aeabi_memclr          
00000d01  __aeabi_memclr4         
00000d01  __aeabi_memclr8         
00000d03  __aeabi_memset          
00000d03  __aeabi_memset4         
00000d03  __aeabi_memset8         
00000d09  memset                  
00000d7d  __TI_auto_init          
00000e55  IntEnable               
00000ebd  TimerConfigure          
00000f1d  _c_int00                
00000f6d  copy_in                 
00000fb9  GPIOPinConfigure        
00001001  C$$EXIT                 
00001005  abort                   
0000100d  exit                    
00001045  SysCtlPeripheralEnable  
00001079  GPIODirModeSet          
000010a3  PWMGenConfigure         
000010c5  PWMPulseWidthSet        
000010e3  GPIOPinTypeGPIOOutput   
000010fd  _args_main              
00001115  SysCtlPWMClockSet       
00001129  _register_unlock        
0000112f  _register_lock          
00001137  _nop                    
0000113d  GPIOPinTypePWM          
0000114f  PWMOutputState          
00001161  TimerLoadSet            
00001173  IntMasterEnable         
00001183  PWMGenPeriodSet         
00001193  TimerEnable             
000011a1  __TI_decompress_none    
000011af  CPUcpsie                
000011bb  PWMGenEnable            
000011c7  ResetISR                
000011d3  TimerIntEnable          
000011db  GPIOPinRead             
000011e1  SysCtlDelay             
000011e7  __TI_decompress_rle24   
000011ed  TimerIntClear           
000011f1  _system_pre_init        
00001378  __TI_Handler_Table_Base 
00001380  __TI_CINIT_Base         
00001380  __TI_Handler_Table_Limit
00001388  __TI_CINIT_Limit        
20000000  __stack                 
20000200  __STACK_END             
20000200  __STACK_TOP             
20000200  sw1state                
20000201  sw2state                
20000202  sw1count                
20000203  sw2count                
20000204  sw1pressed              
20000205  mode                    
20000208  delay                   
2000020c  _lock                   
20000210  _unlock                 
20000214  __TI_cleanup_ptr        
20000218  __TI_dtors_ptr          
2000021c  main_func_sp            
ffffffff  __binit__               
ffffffff  __c_args__              
ffffffff  binit                   
UNDEFED   SHT$$INIT_ARRAY$$Base   
UNDEFED   SHT$$INIT_ARRAY$$Limit  

[79 symbols]
