******************************************************************************
                  TI ARM Linker PC v5.2.6                      
******************************************************************************
>> Linked Wed Feb 03 15:40:52 2016

OUTPUT FILE NAME:   <lab02.out>
ENTRY POINT SYMBOL: "_c_int00"  address: 00000a65


MEMORY CONFIGURATION

         name            origin    length      used     unused   attr    fill
----------------------  --------  ---------  --------  --------  ----  --------
  FLASH                 00000000   00040000  00000d78  0003f288  R  X
  SRAM                  20000000   00008000  0000021c  00007de4  RW X


SEGMENT ALLOCATION MAP

run origin  load origin   length   init length attrs members
----------  ----------- ---------- ----------- ----- -------
00000000    00000000    00000d7c   00000d7c    r-x
  00000000    00000000    0000026c   0000026c    r-- .intvecs
  0000026c    0000026c    00000a0c   00000a0c    r-x .text
  00000c78    00000c78    000000dc   000000dc    r-- .const
  00000d58    00000d58    00000024   00000024    r-- .cinit
20000000    20000000    0000021c   00000000    rw-
  20000000    20000000    00000200   00000000    rw- .stack
  20000200    20000200    0000001c   00000000    rw- .data


SECTION ALLOCATION MAP

 output                                  attributes/
section   page    origin      length       input sections
--------  ----  ----------  ----------   ----------------
.intvecs   0    00000000    0000026c     
                  00000000    0000026c     tm4c123gh6pm_startup_ccs.obj (.intvecs)

.text      0    0000026c    00000a0c     
                  0000026c    00000208     lab-2.obj (.text)
                  00000474    00000132     driverlib.lib : gpio.obj (.text:GPIOPadConfigSet)
                  000005a6    00000002     --HOLE-- [fill = 0]
                  000005a8    00000110                   : sysctl.obj (.text:SysCtlClockGet)
                  000006b8    000000f4                   : sysctl.obj (.text:SysCtlClockSet)
                  000007ac    0000009c     rtsv7M4_T_le_v4SPD16_eabi.lib : memcpy_t2.obj (.text)
                  00000848    0000007a                                   : memset_t2.obj (.text)
                  000008c2    00000002     --HOLE-- [fill = 0]
                  000008c4    0000006c                                   : autoinit.obj (.text)
                  00000930    0000006a                                   : copy_decompress_rle.obj (.text)
                  0000099a    00000002     --HOLE-- [fill = 0]
                  0000099c    00000068     driverlib.lib : interrupt.obj (.text:IntEnable)
                  00000a04    00000060                   : timer.obj (.text:TimerConfigure)
                  00000a64    00000050     rtsv7M4_T_le_v4SPD16_eabi.lib : boot.obj (.text)
                  00000ab4    0000004c                                   : cpy_tbl.obj (.text)
                  00000b00    00000044                                   : exit.obj (.text)
                  00000b44    00000034     driverlib.lib : sysctl.obj (.text:SysCtlPeripheralEnable)
                  00000b78    0000002a                   : gpio.obj (.text:GPIODirModeSet)
                  00000ba2    00000018                   : gpio.obj (.text:GPIOPinTypeGPIOOutput)
                  00000bba    00000002     --HOLE-- [fill = 0]
                  00000bbc    00000018     rtsv7M4_T_le_v4SPD16_eabi.lib : args_main.obj (.text)
                  00000bd4    00000014                                   : _lock.obj (.text)
                  00000be8    00000012     driverlib.lib : gpio.obj (.text:GPIOPinTypeGPIOInput)
                  00000bfa    00000012                   : timer.obj (.text:TimerLoadSet)
                  00000c0c    00000010                   : interrupt.obj (.text:IntMasterEnable)
                  00000c1c    0000000e                   : timer.obj (.text:TimerEnable)
                  00000c2a    0000000e     rtsv7M4_T_le_v4SPD16_eabi.lib : copy_decompress_none.obj (.text:decompress:none)
                  00000c38    0000000c     driverlib.lib : cpu.obj (.text:CPUcpsie)
                  00000c44    0000000c     tm4c123gh6pm_startup_ccs.obj (.text)
                  00000c50    00000008     driverlib.lib : timer.obj (.text:TimerIntEnable)
                  00000c58    00000006                   : gpio.obj (.text:GPIOPinRead)
                  00000c5e    00000006                   : gpio.obj (.text:GPIOPinWrite)
                  00000c64    00000006                   : sysctl.obj (.text:SysCtlDelay)
                  00000c6a    00000006     rtsv7M4_T_le_v4SPD16_eabi.lib : copy_decompress_rle.obj (.text:decompress:rle24)
                  00000c70    00000004     driverlib.lib : timer.obj (.text:TimerIntClear)
                  00000c74    00000004     rtsv7M4_T_le_v4SPD16_eabi.lib : pre_init.obj (.text)

.const     0    00000c78    000000dc     
                  00000c78    00000070     driverlib.lib : interrupt.obj (.const)
                  00000ce8    0000006c                   : sysctl.obj (.const:g_pui32Xtals)

.cinit     0    00000d58    00000024     
                  00000d58    00000013     (.cinit..data.load) [load image, compression = rle]
                  00000d6b    00000001     --HOLE-- [fill = 0]
                  00000d6c    00000008     (__TI_handler_table)
                  00000d74    00000008     (__TI_cinit_table)

.init_array 
*          0    00000000    00000000     UNINITIALIZED

.stack     0    20000000    00000200     UNINITIALIZED
                  20000000    00000200     --HOLE--

.data      0    20000200    0000001c     UNINITIALIZED
                  20000200    00000008     rtsv7M4_T_le_v4SPD16_eabi.lib : _lock.obj (.data)
                  20000208    00000008                                   : exit.obj (.data)
                  20000210    00000005     lab-2.obj (.data)
                  20000215    00000003     --HOLE--
                  20000218    00000004     rtsv7M4_T_le_v4SPD16_eabi.lib : stkdepth_vars.obj (.data)

.TI.persistent 
*          0    20000200    00000000     UNINITIALIZED


LINKER GENERATED COPY TABLES

__TI_cinit_table @ 00000d74 records: 1, size/record: 8, table size: 8
	.data: load addr=00000d58, load size=00000013 bytes, run addr=20000200, run size=0000001c bytes, compression=rle


LINKER GENERATED HANDLER TABLE

__TI_handler_table @ 00000d6c records: 2, size/record: 4, table size: 8
	index: 0, handler: __TI_decompress_rle24
	index: 1, handler: __TI_decompress_none


GLOBAL SYMBOLS: SORTED ALPHABETICALLY BY Name 

address   name                    
-------   ----                    
00000b01  C$$EXIT                 
00000c39  CPUcpsie                
00000b79  GPIODirModeSet          
00000475  GPIOPadConfigSet        
00000c59  GPIOPinRead             
00000be9  GPIOPinTypeGPIOInput    
00000ba3  GPIOPinTypeGPIOOutput   
00000c5f  GPIOPinWrite            
0000099d  IntEnable               
00000c0d  IntMasterEnable         
00000c45  ResetISR                
UNDEFED   SHT$$INIT_ARRAY$$Base   
UNDEFED   SHT$$INIT_ARRAY$$Limit  
000005a9  SysCtlClockGet          
000006b9  SysCtlClockSet          
00000c65  SysCtlDelay             
00000b45  SysCtlPeripheralEnable  
0000034d  Timer0IntHandler        
00000a05  TimerConfigure          
00000c1d  TimerEnable             
00000c71  TimerIntClear           
00000c51  TimerIntEnable          
00000bfb  TimerLoadSet            
20000200  __STACK_END             
00000200  __STACK_SIZE            
20000200  __STACK_TOP             
00000d74  __TI_CINIT_Base         
00000d7c  __TI_CINIT_Limit        
00000d6c  __TI_Handler_Table_Base 
00000d74  __TI_Handler_Table_Limit
000008c5  __TI_auto_init          
20000208  __TI_cleanup_ptr        
00000c2b  __TI_decompress_none    
00000c6b  __TI_decompress_rle24   
2000020c  __TI_dtors_ptr          
00000000  __TI_static_base__      
00000849  __aeabi_memclr          
00000849  __aeabi_memclr4         
00000849  __aeabi_memclr8         
000007ad  __aeabi_memcpy          
000007ad  __aeabi_memcpy4         
000007ad  __aeabi_memcpy8         
0000084b  __aeabi_memset          
0000084b  __aeabi_memset4         
0000084b  __aeabi_memset8         
ffffffff  __binit__               
ffffffff  __c_args__              
20000000  __stack                 
00000bbd  _args_main              
00000a65  _c_int00                
20000200  _lock                   
00000be3  _nop                    
00000bdb  _register_lock          
00000bd5  _register_unlock        
00000c75  _system_pre_init        
20000204  _unlock                 
00000b05  abort                   
ffffffff  binit                   
00000ab5  copy_in                 
00000315  detectKeyPress          
00000b0d  exit                    
00000000  g_pfnVectors            
20000213  led                     
0000027d  ledPinConfig            
000002b7  main                    
20000218  main_func_sp            
000007ad  memcpy                  
00000851  memset                  
0000026d  setup                   
20000210  state                   
20000212  sw2                     
20000211  sw2state                
00000289  switchPinConfig         
00000329  switchcolor             
20000214  temp                    


GLOBAL SYMBOLS: SORTED BY Symbol Address 

address   name                    
-------   ----                    
00000000  __TI_static_base__      
00000000  g_pfnVectors            
00000200  __STACK_SIZE            
0000026d  setup                   
0000027d  ledPinConfig            
00000289  switchPinConfig         
000002b7  main                    
00000315  detectKeyPress          
00000329  switchcolor             
0000034d  Timer0IntHandler        
00000475  GPIOPadConfigSet        
000005a9  SysCtlClockGet          
000006b9  SysCtlClockSet          
000007ad  __aeabi_memcpy          
000007ad  __aeabi_memcpy4         
000007ad  __aeabi_memcpy8         
000007ad  memcpy                  
00000849  __aeabi_memclr          
00000849  __aeabi_memclr4         
00000849  __aeabi_memclr8         
0000084b  __aeabi_memset          
0000084b  __aeabi_memset4         
0000084b  __aeabi_memset8         
00000851  memset                  
000008c5  __TI_auto_init          
0000099d  IntEnable               
00000a05  TimerConfigure          
00000a65  _c_int00                
00000ab5  copy_in                 
00000b01  C$$EXIT                 
00000b05  abort                   
00000b0d  exit                    
00000b45  SysCtlPeripheralEnable  
00000b79  GPIODirModeSet          
00000ba3  GPIOPinTypeGPIOOutput   
00000bbd  _args_main              
00000bd5  _register_unlock        
00000bdb  _register_lock          
00000be3  _nop                    
00000be9  GPIOPinTypeGPIOInput    
00000bfb  TimerLoadSet            
00000c0d  IntMasterEnable         
00000c1d  TimerEnable             
00000c2b  __TI_decompress_none    
00000c39  CPUcpsie                
00000c45  ResetISR                
00000c51  TimerIntEnable          
00000c59  GPIOPinRead             
00000c5f  GPIOPinWrite            
00000c65  SysCtlDelay             
00000c6b  __TI_decompress_rle24   
00000c71  TimerIntClear           
00000c75  _system_pre_init        
00000d6c  __TI_Handler_Table_Base 
00000d74  __TI_CINIT_Base         
00000d74  __TI_Handler_Table_Limit
00000d7c  __TI_CINIT_Limit        
20000000  __stack                 
20000200  __STACK_END             
20000200  __STACK_TOP             
20000200  _lock                   
20000204  _unlock                 
20000208  __TI_cleanup_ptr        
2000020c  __TI_dtors_ptr          
20000210  state                   
20000211  sw2state                
20000212  sw2                     
20000213  led                     
20000214  temp                    
20000218  main_func_sp            
ffffffff  __binit__               
ffffffff  __c_args__              
ffffffff  binit                   
UNDEFED   SHT$$INIT_ARRAY$$Base   
UNDEFED   SHT$$INIT_ARRAY$$Limit  

[75 symbols]
