******************************************************************************
                  TI ARM Linker PC v5.2.6                      
******************************************************************************
>> Linked Wed Feb 17 15:59:17 2016

OUTPUT FILE NAME:   <lab04.out>
ENTRY POINT SYMBOL: "_c_int00"  address: 00000c0d


MEMORY CONFIGURATION

         name            origin    length      used     unused   attr    fill
----------------------  --------  ---------  --------  --------  ----  --------
  FLASH                 00000000   00040000  000010b4  0003ef4c  R  X
  SRAM                  20000000   00008000  0000021c  00007de4  RW X


SEGMENT ALLOCATION MAP

run origin  load origin   length   init length attrs members
----------  ----------- ---------- ----------- ----- -------
00000000    00000000    000010b8   000010b8    r-x
  00000000    00000000    0000026c   0000026c    r-- .intvecs
  0000026c    0000026c    00000d14   00000d14    r-x .text
  00000f80    00000f80    000000fc   000000fc    r-- .const
  00001080    00001080    00000038   00000038    r-- .cinit
20000000    20000000    0000021c   00000000    rw-
  20000000    20000000    00000200   00000000    rw- .stack
  20000200    20000200    00000018   00000000    rw- .data
  20000218    20000218    00000004   00000000    rw- .bss


SECTION ALLOCATION MAP

 output                                  attributes/
section   page    origin      length       input sections
--------  ----  ----------  ----------   ----------------
.intvecs   0    00000000    0000026c     
                  00000000    0000026c     tm4c123gh6pm_startup_ccs.obj (.intvecs)

.text      0    0000026c    00000d14     
                  0000026c    00000400     main.obj (.text)
                  0000066c    00000132     driverlib.lib : gpio.obj (.text:GPIOPadConfigSet)
                  0000079e    00000002     --HOLE-- [fill = 0]
                  000007a0    00000110                   : sysctl.obj (.text:SysCtlClockGet)
                  000008b0    000000f4                   : sysctl.obj (.text:SysCtlClockSet)
                  000009a4    0000009c     rtsv7M4_T_le_v4SPD16_eabi.lib : memcpy_t2.obj (.text)
                  00000a40    0000007a     driverlib.lib : adc.obj (.text:ADCSequenceStepConfigure)
                  00000aba    0000007a     rtsv7M4_T_le_v4SPD16_eabi.lib : memset_t2.obj (.text)
                  00000b34    0000006c                                   : autoinit.obj (.text)
                  00000ba0    0000006a                                   : copy_decompress_rle.obj (.text)
                  00000c0a    00000002     --HOLE-- [fill = 0]
                  00000c0c    00000050                                   : boot.obj (.text)
                  00000c5c    0000004c                                   : cpy_tbl.obj (.text)
                  00000ca8    00000048     driverlib.lib : gpio.obj (.text:GPIOPinConfigure)
                  00000cf0    00000046                   : uart.obj (.text:UARTConfigSetExpClk)
                  00000d36    00000002     --HOLE-- [fill = 0]
                  00000d38    00000044     rtsv7M4_T_le_v4SPD16_eabi.lib : exit.obj (.text)
                  00000d7c    0000003e     driverlib.lib : adc.obj (.text:ADCSequenceConfigure)
                  00000dba    00000002     --HOLE-- [fill = 0]
                  00000dbc    00000034                   : sysctl.obj (.text:SysCtlPeripheralEnable)
                  00000df0    0000002e                   : adc.obj (.text:ADCIntStatus)
                  00000e1e    0000002a                   : gpio.obj (.text:GPIODirModeSet)
                  00000e48    00000020                   : uart.obj (.text:UARTDisable)
                  00000e68    0000001e                   : adc.obj (.text:ADCSequenceDataGet)
                  00000e86    00000018                   : adc.obj (.text:ADCProcessorTrigger)
                  00000e9e    00000018                   : gpio.obj (.text:GPIOPinTypeGPIOOutput)
                  00000eb6    00000002     --HOLE-- [fill = 0]
                  00000eb8    00000018     rtsv7M4_T_le_v4SPD16_eabi.lib : args_main.obj (.text)
                  00000ed0    00000014     driverlib.lib : uart.obj (.text:UARTEnable)
                  00000ee4    00000014     rtsv7M4_T_le_v4SPD16_eabi.lib : _lock.obj (.text)
                  00000ef8    00000012     driverlib.lib : gpio.obj (.text:GPIOPinTypeUART)
                  00000f0a    0000000e                   : adc.obj (.text:ADCSequenceEnable)
                  00000f18    0000000e                   : uart.obj (.text:UARTCharsAvail)
                  00000f26    0000000e     rtsv7M4_T_le_v4SPD16_eabi.lib : copy_decompress_none.obj (.text:decompress:none)
                  00000f34    0000000c                                   : copy_zero_init.obj (.text:decompress:ZI)
                  00000f40    0000000c     tm4c123gh6pm_startup_ccs.obj (.text)
                  00000f4c    0000000a     driverlib.lib : adc.obj (.text:ADCIntClear)
                  00000f56    0000000a                   : uart.obj (.text:UARTCharGet)
                  00000f60    0000000a                   : uart.obj (.text:UARTCharPut)
                  00000f6a    00000006                   : gpio.obj (.text:GPIOPinWrite)
                  00000f70    00000006                   : sysctl.obj (.text:SysCtlDelay)
                  00000f76    00000006     rtsv7M4_T_le_v4SPD16_eabi.lib : copy_decompress_rle.obj (.text:decompress:rle24)
                  00000f7c    00000004                                   : pre_init.obj (.text)

.const     0    00000f80    000000fc     
                  00000f80    00000090     driverlib.lib : gpio.obj (.const:g_pui32GPIOBaseAddrs)
                  00001010    0000006c                   : sysctl.obj (.const:g_pui32Xtals)

.cinit     0    00001080    00000038     
                  00001080    0000000f     (.cinit..data.load) [load image, compression = rle]
                  0000108f    00000001     --HOLE-- [fill = 0]
                  00001090    0000000c     (__TI_handler_table)
                  0000109c    00000004     --HOLE-- [fill = 0]
                  000010a0    00000008     (.cinit..bss.load) [load image, compression = zero_init]
                  000010a8    00000010     (__TI_cinit_table)

.init_array 
*          0    00000000    00000000     UNINITIALIZED

.stack     0    20000000    00000200     UNINITIALIZED
                  20000000    00000200     --HOLE--

.data      0    20000200    00000018     UNINITIALIZED
                  20000200    00000008     rtsv7M4_T_le_v4SPD16_eabi.lib : _lock.obj (.data)
                  20000208    00000008                                   : exit.obj (.data)
                  20000210    00000004     main.obj (.data)
                  20000214    00000004     rtsv7M4_T_le_v4SPD16_eabi.lib : stkdepth_vars.obj (.data)

.bss       0    20000218    00000004     UNINITIALIZED
                  20000218    00000004     (.common:tempp)

.TI.persistent 
*          0    20000200    00000000     UNINITIALIZED

.TI.noinit 
*          0    20000218    00000000     UNINITIALIZED


LINKER GENERATED COPY TABLES

__TI_cinit_table @ 000010a8 records: 2, size/record: 8, table size: 16
	.data: load addr=00001080, load size=0000000f bytes, run addr=20000200, run size=00000018 bytes, compression=rle
	.bss: load addr=000010a0, load size=00000008 bytes, run addr=20000218, run size=00000004 bytes, compression=zero_init


LINKER GENERATED HANDLER TABLE

__TI_handler_table @ 00001090 records: 3, size/record: 4, table size: 12
	index: 0, handler: __TI_decompress_rle24
	index: 1, handler: __TI_decompress_none
	index: 2, handler: __TI_zero_init


GLOBAL SYMBOLS: SORTED ALPHABETICALLY BY Name 

address   name                    
-------   ----                    
00000f4d  ADCIntClear             
00000df1  ADCIntStatus            
00000e87  ADCProcessorTrigger     
00000d7d  ADCSequenceConfigure    
00000e69  ADCSequenceDataGet      
00000f0b  ADCSequenceEnable       
00000a41  ADCSequenceStepConfigure
00000d39  C$$EXIT                 
00000e1f  GPIODirModeSet          
0000066d  GPIOPadConfigSet        
00000ca9  GPIOPinConfigure        
00000e9f  GPIOPinTypeGPIOOutput   
00000ef9  GPIOPinTypeUART         
00000f6b  GPIOPinWrite            
00000f41  ResetISR                
UNDEFED   SHT$$INIT_ARRAY$$Base   
UNDEFED   SHT$$INIT_ARRAY$$Limit  
000007a1  SysCtlClockGet          
000008b1  SysCtlClockSet          
00000f71  SysCtlDelay             
00000dbd  SysCtlPeripheralEnable  
00000f57  UARTCharGet             
00000f61  UARTCharPut             
00000f19  UARTCharsAvail          
00000cf1  UARTConfigSetExpClk     
00000e49  UARTDisable             
00000ed1  UARTEnable              
20000200  __STACK_END             
00000200  __STACK_SIZE            
20000200  __STACK_TOP             
000010a8  __TI_CINIT_Base         
000010b8  __TI_CINIT_Limit        
00001090  __TI_Handler_Table_Base 
0000109c  __TI_Handler_Table_Limit
00000b35  __TI_auto_init          
20000208  __TI_cleanup_ptr        
00000f27  __TI_decompress_none    
00000f77  __TI_decompress_rle24   
2000020c  __TI_dtors_ptr          
00000000  __TI_static_base__      
00000f35  __TI_zero_init          
00000abb  __aeabi_memclr          
00000abb  __aeabi_memclr4         
00000abb  __aeabi_memclr8         
000009a5  __aeabi_memcpy          
000009a5  __aeabi_memcpy4         
000009a5  __aeabi_memcpy8         
00000abd  __aeabi_memset          
00000abd  __aeabi_memset4         
00000abd  __aeabi_memset8         
ffffffff  __binit__               
ffffffff  __c_args__              
20000000  __stack                 
00000eb9  _args_main              
00000c0d  _c_int00                
20000200  _lock                   
00000ef3  _nop                    
00000eeb  _register_lock          
00000ee5  _register_unlock        
00000f7d  _system_pre_init        
20000204  _unlock                 
00000d3d  abort                   
ffffffff  binit                   
00000c5d  copy_in                 
00000d45  exit                    
00000000  g_pfnVectors            
0000026d  main                    
20000214  main_func_sp            
000009a5  memcpy                  
00000ac3  memset                  
20000210  mode                    
20000218  tempp                   


GLOBAL SYMBOLS: SORTED BY Symbol Address 

address   name                    
-------   ----                    
00000000  __TI_static_base__      
00000000  g_pfnVectors            
00000200  __STACK_SIZE            
0000026d  main                    
0000066d  GPIOPadConfigSet        
000007a1  SysCtlClockGet          
000008b1  SysCtlClockSet          
000009a5  __aeabi_memcpy          
000009a5  __aeabi_memcpy4         
000009a5  __aeabi_memcpy8         
000009a5  memcpy                  
00000a41  ADCSequenceStepConfigure
00000abb  __aeabi_memclr          
00000abb  __aeabi_memclr4         
00000abb  __aeabi_memclr8         
00000abd  __aeabi_memset          
00000abd  __aeabi_memset4         
00000abd  __aeabi_memset8         
00000ac3  memset                  
00000b35  __TI_auto_init          
00000c0d  _c_int00                
00000c5d  copy_in                 
00000ca9  GPIOPinConfigure        
00000cf1  UARTConfigSetExpClk     
00000d39  C$$EXIT                 
00000d3d  abort                   
00000d45  exit                    
00000d7d  ADCSequenceConfigure    
00000dbd  SysCtlPeripheralEnable  
00000df1  ADCIntStatus            
00000e1f  GPIODirModeSet          
00000e49  UARTDisable             
00000e69  ADCSequenceDataGet      
00000e87  ADCProcessorTrigger     
00000e9f  GPIOPinTypeGPIOOutput   
00000eb9  _args_main              
00000ed1  UARTEnable              
00000ee5  _register_unlock        
00000eeb  _register_lock          
00000ef3  _nop                    
00000ef9  GPIOPinTypeUART         
00000f0b  ADCSequenceEnable       
00000f19  UARTCharsAvail          
00000f27  __TI_decompress_none    
00000f35  __TI_zero_init          
00000f41  ResetISR                
00000f4d  ADCIntClear             
00000f57  UARTCharGet             
00000f61  UARTCharPut             
00000f6b  GPIOPinWrite            
00000f71  SysCtlDelay             
00000f77  __TI_decompress_rle24   
00000f7d  _system_pre_init        
00001090  __TI_Handler_Table_Base 
0000109c  __TI_Handler_Table_Limit
000010a8  __TI_CINIT_Base         
000010b8  __TI_CINIT_Limit        
20000000  __stack                 
20000200  __STACK_END             
20000200  __STACK_TOP             
20000200  _lock                   
20000204  _unlock                 
20000208  __TI_cleanup_ptr        
2000020c  __TI_dtors_ptr          
20000210  mode                    
20000214  main_func_sp            
20000218  tempp                   
ffffffff  __binit__               
ffffffff  __c_args__              
ffffffff  binit                   
UNDEFED   SHT$$INIT_ARRAY$$Base   
UNDEFED   SHT$$INIT_ARRAY$$Limit  

[72 symbols]
